// Jest Snapshot v1, https://goo.gl/fbAQLP

exports[`PycoButton Component should render correctly 1`] = `
<View>
  <Text
    allowFontScaling={false}
    style={
      Array [
        Object {
          "color": "green",
          "fontSize": 10,
        },
        Object {
          "alignSelf": "center",
          "marginBottom": -5,
        },
        Object {
          "fontFamily": "anticon",
          "fontStyle": "normal",
          "fontWeight": "normal",
        },
        Object {},
      ]
    }
  >
    
  </Text>
  <View
    style={
      Array [
        Object {
          "backgroundColor": "green",
        },
        Object {
          "height": 2,
          "marginHorizontal": 4,
        },
      ]
    }
  />
  <View
    accessible={true}
    isTVSelectable={true}
    onResponderGrant={[Function]}
    onResponderMove={[Function]}
    onResponderRelease={[Function]}
    onResponderTerminate={[Function]}
    onResponderTerminationRequest={[Function]}
    onStartShouldSetResponder={[Function]}
    style={
      Object {
        "opacity": 1,
        "padding": 10,
      }
    }
  >
    <Text
      allowFontScaling={false}
      style={
        Array [
          Object {
            "color": "green",
            "fontSize": 30,
          },
          undefined,
          Object {
            "fontFamily": "simple-line-icons",
            "fontStyle": "normal",
            "fontWeight": "normal",
          },
          Object {},
        ]
      }
    >
      
    </Text>
  </View>
</View>
`;
